[dsathemes.com/html/shiftkey/files/demo-1.html]
[backblue.gif]
[fade.gif]
[index.html]
[dsathemes.com/html/shiftkey/files/images/favicon.ico]
[dsathemes.com/html/shiftkey/files/images/apple-touch-icon-152x152.png]
[dsathemes.com/html/shiftkey/files/images/apple-touch-icon-120x120.png]
[dsathemes.com/html/shiftkey/files/images/apple-touch-icon-76x76.png]
[dsathemes.com/html/shiftkey/files/images/apple-touch-icon.png]
[dsathemes.com/html/shiftkey/files/css/bootstrap.min.css]
[use.fontawesome.com/releases/v5.7.2/css/all.css]
[dsathemes.com/html/shiftkey/files/css/flaticon.css]
[dsathemes.com/html/shiftkey/files/css/magnific-popup.css]
[dsathemes.com/html/shiftkey/files/css/owl.carousel.min.css]
[dsathemes.com/html/shiftkey/files/css/owl.theme.default.min.css]
[dsathemes.com/html/shiftkey/files/css/animate.css]
[dsathemes.com/html/shiftkey/files/css/purple-theme.css]
[dsathemes.com/html/shiftkey/files/css/aqua-theme.css]
[dsathemes.com/html/shiftkey/files/css/blue-theme.css]
[dsathemes.com/html/shiftkey/files/css/bluegrey-theme.css]
[dsathemes.com/html/shiftkey/files/css/darkblue-theme.css]
[dsathemes.com/html/shiftkey/files/css/green-theme.css]
[dsathemes.com/html/shiftkey/files/css/darkgreen-theme.css]
[dsathemes.com/html/shiftkey/files/css/deeporange-theme.css]
[dsathemes.com/html/shiftkey/files/css/red-theme.css]
[dsathemes.com/html/shiftkey/files/css/tomato-theme.css]
[dsathemes.com/html/shiftkey/files/css/responsive.css]
[dsathemes.com/html/shiftkey/files/images/color-scheme/green.png]
[dsathemes.com/html/shiftkey/files/images/color-scheme/blue.png]
[dsathemes.com/html/shiftkey/files/images/color-scheme/tomato.png]
[dsathemes.com/html/shiftkey/files/images/color-scheme/aqua.png]
[dsathemes.com/html/shiftkey/files/images/color-scheme/deeporange.png]
[dsathemes.com/html/shiftkey/files/images/color-scheme/darkblue.png]
[dsathemes.com/html/shiftkey/files/images/color-scheme/bluegrey.png]
[dsathemes.com/html/shiftkey/files/images/color-scheme/darkgreen.png]
[dsathemes.com/html/shiftkey/files/images/color-scheme/red.png]
[dsathemes.com/html/shiftkey/files/demo-2.html]
[dsathemes.com/html/shiftkey/files/images/color-scheme/l-02.jpg]
[dsathemes.com/html/shiftkey/files/demo-3.html]
[dsathemes.com/html/shiftkey/files/images/color-scheme/l-03.jpg]
[dsathemes.com/html/shiftkey/files/demo-4.html]
[dsathemes.com/html/shiftkey/files/images/color-scheme/l-04.jpg]
[dsathemes.com/html/shiftkey/files/demo-5.html]
[dsathemes.com/html/shiftkey/files/images/color-scheme/l-05.jpg]
[dsathemes.com/html/shiftkey/files/demo-6.html]
[dsathemes.com/html/shiftkey/files/images/color-scheme/l-06.jpg]
[dsathemes.com/html/shiftkey/files/demo-7.html]
[dsathemes.com/html/shiftkey/files/images/color-scheme/l-07.jpg]
[dsathemes.com/html/shiftkey/files/demo-8.html]
[dsathemes.com/html/shiftkey/files/images/color-scheme/l-08.jpg]
[dsathemes.com/html/shiftkey/files/demo-9.html]
[dsathemes.com/html/shiftkey/files/images/color-scheme/l-09.jpg]
[dsathemes.com/html/shiftkey/files/demo-10.html]
[dsathemes.com/html/shiftkey/files/images/color-scheme/l-10.jpg]
[dsathemes.com/html/shiftkey/files/demo-11.html]
[dsathemes.com/html/shiftkey/files/images/color-scheme/l-11.jpg]
[dsathemes.com/html/shiftkey/files/demo-12.html]
[dsathemes.com/html/shiftkey/files/images/color-scheme/l-12.jpg]
[dsathemes.com/html/shiftkey/files/demo-13.html]
[dsathemes.com/html/shiftkey/files/images/color-scheme/l-13.jpg]
[dsathemes.com/html/shiftkey/files/demo-14.html]
[dsathemes.com/html/shiftkey/files/images/color-scheme/l-14.jpg]
[dsathemes.com/html/shiftkey/files/demo-15.html]
[dsathemes.com/html/shiftkey/files/images/color-scheme/l-15.jpg]
[dsathemes.com/html/shiftkey/files/images/logo.png]
[dsathemes.com/html/shiftkey/files/images/logo-white.png]
[dsathemes.com/html/shiftkey/files/blog-listing.html]
[dsathemes.com/html/shiftkey/files/single-post.html]
[dsathemes.com/html/shiftkey/files/about.html]
[dsathemes.com/html/shiftkey/files/pricing.html]
[dsathemes.com/html/shiftkey/files/contacts.html]
[dsathemes.com/html/shiftkey/files/clients.html]
[dsathemes.com/html/shiftkey/files/faqs.html]
[dsathemes.com/html/shiftkey/files/term.html]
[dsathemes.com/html/shiftkey/files/404.html]
[dsathemes.com/html/shiftkey/files/images/hero-1-img.png]
[dsathemes.com/html/shiftkey/files/images/image-05.png]
[dsathemes.com/html/shiftkey/files/images/image-08.png]
[dsathemes.com/html/shiftkey/files/images/image-04.png]
[dsathemes.com/html/shiftkey/files/images/review-author-1.jpg]
[dsathemes.com/html/shiftkey/files/images/review-author-2.jpg]
[dsathemes.com/html/shiftkey/files/images/review-author-3.jpg]
[dsathemes.com/html/shiftkey/files/images/review-author-7.jpg]
[dsathemes.com/html/shiftkey/files/images/image-10.png]
[dsathemes.com/html/shiftkey/files/images/brand-1.png]
[dsathemes.com/html/shiftkey/files/images/brand-2.png]
[dsathemes.com/html/shiftkey/files/images/brand-3.png]
[dsathemes.com/html/shiftkey/files/images/brand-4.png]
[dsathemes.com/html/shiftkey/files/images/brand-5.png]
[dsathemes.com/html/shiftkey/files/images/brand-6.png]
[dsathemes.com/html/shiftkey/files/images/brand-7.png]
[dsathemes.com/html/shiftkey/files/images/image-02.png]
[dsathemes.com/html/shiftkey/files/images/footer-logo.png]
[dsathemes.com/html/shiftkey/files/images/assistant-avatar.jpg]
[dsathemes.com/html/shiftkey/files/js/jquery-3.3.1.min.js]
[dsathemes.com/html/shiftkey/files/js/bootstrap.min.js]
[dsathemes.com/html/shiftkey/files/js/modernizr.custom.js]
[dsathemes.com/html/shiftkey/files/js/jquery.easing.js]
[dsathemes.com/html/shiftkey/files/js/jquery.appear.js]
[dsathemes.com/html/shiftkey/files/js/jquery.stellar.min.js]
[dsathemes.com/html/shiftkey/files/js/jquery.scrollto.js]
[dsathemes.com/html/shiftkey/files/js/owl.carousel.min.js]
[dsathemes.com/html/shiftkey/files/js/jquery.magnific-popup.min.js]
[dsathemes.com/html/shiftkey/files/js/imagesloaded.pkgd.min.js]
[dsathemes.com/html/shiftkey/files/js/isotope.pkgd.min.js]
[dsathemes.com/html/shiftkey/files/js/hero-form.js]
[dsathemes.com/html/shiftkey/files/js/register-form.js]
[dsathemes.com/html/shiftkey/files/js/contact-form.js]
[dsathemes.com/html/shiftkey/files/js/quick-form.js]
[dsathemes.com/html/shiftkey/files/js/comment-form.js]
[dsathemes.com/html/shiftkey/files/js/jquery.validate.min.js]
[dsathemes.com/html/shiftkey/files/js/jquery.ajaxchimp.min.js]
[dsathemes.com/html/shiftkey/files/js/wow.js]
[dsathemes.com/html/shiftkey/files/js/custom.js]
[dsathemes.com/html/shiftkey/files/js/changer.js]
[dsathemes.com/html/shiftkey/files/js/styleswitch.js]
[dsathemes.com/html/shiftkey/files/demo-1.html]
[dsathemes.com/html/shiftkey/files/css/bootstrap.min.css]
[use.fontawesome.com/releases/v5.7.2/css/all.css]
[dsathemes.com/html/shiftkey/files/fonts/Flaticon.eot]
[dsathemes.com/html/shiftkey/files/fonts/Flaticond41d.eot]
[dsathemes.com/html/shiftkey/files/fonts/Flaticon.woff]
[dsathemes.com/html/shiftkey/files/fonts/Flaticon.ttf]
[dsathemes.com/html/shiftkey/files/css/flaticon.css]
[dsathemes.com/html/shiftkey/files/css/magnific-popup.css]
[dsathemes.com/html/shiftkey/files/fonts/Flaticon.svg]
[dsathemes.com/html/shiftkey/files/css/owl.video.play.png]
[dsathemes.com/html/shiftkey/files/css/owl.carousel.min.css]
[dsathemes.com/html/shiftkey/files/css/owl.theme.default.min.css]
[dsathemes.com/html/shiftkey/files/css/animate.css]
[dsathemes.com/html/shiftkey/files/images/bottom-clouds.jpg]
[dsathemes.com/html/shiftkey/files/images/bg-image.jpg]
[dsathemes.com/html/shiftkey/files/images/blue-textured.jpg]
[dsathemes.com/html/shiftkey/files/images/blue-waves.jpg]
[dsathemes.com/html/shiftkey/files/images/grey-textured.png]
[dsathemes.com/html/shiftkey/files/images/hero-1.jpg]
[dsathemes.com/html/shiftkey/files/images/hero-2.jpg]
[dsathemes.com/html/shiftkey/files/images/hero-3.jpg]
[dsathemes.com/html/shiftkey/files/images/hero-3-wave.png]
[dsathemes.com/html/shiftkey/files/images/hero-4.jpg]
[dsathemes.com/html/shiftkey/files/images/hero-6.jpg]
[dsathemes.com/html/shiftkey/files/images/hero-6-wave.png]
[dsathemes.com/html/shiftkey/files/images/hero-7-incline.png]
[dsathemes.com/html/shiftkey/files/images/hero-8.jpg]
[dsathemes.com/html/shiftkey/files/images/hero-9.jpg]
[dsathemes.com/html/shiftkey/files/images/hero-9-wave.png]
[dsathemes.com/html/shiftkey/files/images/hero-10.jpg]
[dsathemes.com/html/shiftkey/files/images/hero-11.jpg]
[dsathemes.com/html/shiftkey/files/images/hero-12.jpg]
[dsathemes.com/html/shiftkey/files/images/hero-13.jpg]
[dsathemes.com/html/shiftkey/files/images/hero-14.jpg]
[dsathemes.com/html/shiftkey/files/images/hero-15.jpg]
[dsathemes.com/html/shiftkey/files/images/hero-15-wave.png]
[dsathemes.com/html/shiftkey/files/images/image-15.jpg]
[dsathemes.com/html/shiftkey/files/images/reviews-3.jpg]
[dsathemes.com/html/shiftkey/files/images/video-3.jpg]
[dsathemes.com/html/shiftkey/files/images/newsletter-1.jpg]
[dsathemes.com/html/shiftkey/files/images/newsletter-2.jpg]
[dsathemes.com/html/shiftkey/files/images/contacts-2.png]
[dsathemes.com/html/shiftkey/files/images/blue-socials.jpg]
[dsathemes.com/html/shiftkey/files/images/about-page.jpg]
[dsathemes.com/html/shiftkey/files/images/blogs-page.jpg]
[dsathemes.com/html/shiftkey/files/images/contacts-page.jpg]
[dsathemes.com/html/shiftkey/files/images/clients-page.jpg]
[dsathemes.com/html/shiftkey/files/images/pricing-page.jpg]
[dsathemes.com/html/shiftkey/files/images/faqs-page.jpg]
[dsathemes.com/html/shiftkey/files/images/terms-page.jpg]
[dsathemes.com/html/shiftkey/files/images/back-to-top.png]
[dsathemes.com/html/shiftkey/files/css/purple-theme.css]
[dsathemes.com/html/shiftkey/files/css/aqua-theme.css]
[dsathemes.com/html/shiftkey/files/css/blue-theme.css]
[dsathemes.com/html/shiftkey/files/css/bluegrey-theme.css]
[dsathemes.com/html/shiftkey/files/css/darkblue-theme.css]
[dsathemes.com/html/shiftkey/files/css/green-theme.css]
[dsathemes.com/html/shiftkey/files/css/darkgreen-theme.css]
[dsathemes.com/html/shiftkey/files/css/deeporange-theme.css]
[dsathemes.com/html/shiftkey/files/css/red-theme.css]
[dsathemes.com/html/shiftkey/files/css/tomato-theme.css]
[dsathemes.com/html/shiftkey/files/css/responsive.css]
[dsathemes.com/html/shiftkey/files/images/color-scheme/purple.png]
[dsathemes.com/html/shiftkey/files/images/color-scheme/l-01.jpg]
[dsathemes.com/html/shiftkey/files/images/hero-2-img.png]
[dsathemes.com/html/shiftkey/files/images/icons/browser-5.png]
[dsathemes.com/html/shiftkey/files/images/icons/settings-1.png]
[dsathemes.com/html/shiftkey/files/images/icons/cloud-computing.png]
[dsathemes.com/html/shiftkey/files/images/icons/worldwide.png]
[dsathemes.com/html/shiftkey/files/images/image-12.png]
[dsathemes.com/html/shiftkey/files/images/quote-avatar.jpg]
[dsathemes.com/html/shiftkey/files/images/image-01.png]
[dsathemes.com/html/shiftkey/files/images/icons/laptop.png]
[dsathemes.com/html/shiftkey/files/images/icons/cloud-computing-3.png]
[dsathemes.com/html/shiftkey/files/images/icons/man.png]
[dsathemes.com/html/shiftkey/files/images/icons/vector.png]
[dsathemes.com/html/shiftkey/files/images/review-author-5.jpg]
[dsathemes.com/html/shiftkey/files/images/review-author-8.jpg]
[dsathemes.com/html/shiftkey/files/images/blog/post-1-img.jpg]
[dsathemes.com/html/shiftkey/files/images/post-author-1.jpg]
[dsathemes.com/html/shiftkey/files/images/blog/post-2-img.jpg]
[dsathemes.com/html/shiftkey/files/images/post-author-2.jpg]
[dsathemes.com/html/shiftkey/files/images/blog/post-3-img.jpg]
[dsathemes.com/html/shiftkey/files/images/post-author-3.jpg]
[dsathemes.com/html/shiftkey/files/images/store_badges/appstore.png]
[dsathemes.com/html/shiftkey/files/images/store_badges/googleplay.png]
[dsathemes.com/html/shiftkey/files/demo-2.html]
[dsathemes.com/html/shiftkey/files/images/hero-3-img.png]
[dsathemes.com/html/shiftkey/files/images/icons/smartphone-1.png]
[dsathemes.com/html/shiftkey/files/images/icons/settings-3.png]
[dsathemes.com/html/shiftkey/files/images/icons/smartphone-3.png]
[dsathemes.com/html/shiftkey/files/images/icons/notification.png]
[dsathemes.com/html/shiftkey/files/images/icons/key-1.png]
[dsathemes.com/html/shiftkey/files/images/icons/communication.png]
[dsathemes.com/html/shiftkey/files/images/tab-1-img.png]
[dsathemes.com/html/shiftkey/files/images/tab-2-img.png]
[dsathemes.com/html/shiftkey/files/images/tab-3-img.png]
[dsathemes.com/html/shiftkey/files/images/icons/calendar-1.png]
[dsathemes.com/html/shiftkey/files/images/icons/network-2.png]
[dsathemes.com/html/shiftkey/files/images/review-author-4.jpg]
[dsathemes.com/html/shiftkey/files/images/review-author-6.jpg]
[dsathemes.com/html/shiftkey/files/images/review-author-9.jpg]
[dsathemes.com/html/shiftkey/files/faqs.htm]
[dsathemes.com/html/shiftkey/files/images/store_badges/appstore-tra-white.png]
[dsathemes.com/html/shiftkey/files/images/store_badges/googleplay-tra-white.png]
[dsathemes.com/html/shiftkey/files/images/cta-3-img.png]
[dsathemes.com/html/shiftkey/files/demo-3.html]
[dsathemes.com/html/shiftkey/files/images/hero-4-img.png]
[dsathemes.com/html/shiftkey/files/images/icons/presentation-2.png]
[dsathemes.com/html/shiftkey/files/images/icons/faq.png]
[dsathemes.com/html/shiftkey/files/images/image-09.png]
[dsathemes.com/html/shiftkey/files/demo-4.html]
[dsathemes.com/html/shiftkey/files/images/about-img.png]
[dsathemes.com/html/shiftkey/files/images/icons/monitor.png]
[dsathemes.com/html/shiftkey/files/images/icons/structure.png]
[dsathemes.com/html/shiftkey/files/images/icons/worldwide-2.png]
[dsathemes.com/html/shiftkey/files/images/icons/padlock-1.png]
[dsathemes.com/html/shiftkey/files/images/icons/browser-2.png]
[dsathemes.com/html/shiftkey/files/js/jquery.vide.min.js]
[dsathemes.com/html/shiftkey/files/demo-5.html]
[dsathemes.com/html/shiftkey/files/images/hero-logo.png]
[dsathemes.com/html/shiftkey/files/images/hero-6-img.png]
[dsathemes.com/html/shiftkey/files/demo-6.html]
[dsathemes.com/html/shiftkey/files/images/hero-7-img.png]
[dsathemes.com/html/shiftkey/files/images/image-03.png]
[dsathemes.com/html/shiftkey/files/images/icons/idea-5.png]
[dsathemes.com/html/shiftkey/files/images/icons/responsive.png]
[dsathemes.com/html/shiftkey/files/images/icons/clipboard.png]
[dsathemes.com/html/shiftkey/files/images/icons/internet.png]
[dsathemes.com/html/shiftkey/files/images/icons/email.png]
[dsathemes.com/html/shiftkey/files/demo-7.html]
[dsathemes.com/html/shiftkey/files/images/hero-8-img.png]
[dsathemes.com/html/shiftkey/files/images/cta-4-img.png]
[dsathemes.com/html/shiftkey/files/demo-8.html]
[dsathemes.com/html/shiftkey/files/images/hero-9-img.png]
[dsathemes.com/html/shiftkey/files/demo-9.html]
[dsathemes.com/html/shiftkey/files/images/hero-10-img.png]
[dsathemes.com/html/shiftkey/files/demo-10.html]
[dsathemes.com/html/shiftkey/files/images/hero-11-img.png]
[dsathemes.com/html/shiftkey/files/images/image-06.png]
[dsathemes.com/html/shiftkey/files/demo-11.html]
[dsathemes.com/html/shiftkey/files/images/hero-12-img.png]
[dsathemes.com/html/shiftkey/files/images/icons/file.png]
[dsathemes.com/html/shiftkey/files/images/icons/key.png]
[dsathemes.com/html/shiftkey/files/demo-12.html]
[dsathemes.com/html/shiftkey/files/images/hero-13-img.png]
[dsathemes.com/html/shiftkey/files/images/image-07.png]
[dsathemes.com/html/shiftkey/files/images/icons/graphic-design.png]
[dsathemes.com/html/shiftkey/files/images/icons/coins.png]
[dsathemes.com/html/shiftkey/files/demo-13.html]
[dsathemes.com/html/shiftkey/files/images/hero-logo-color.png]
[dsathemes.com/html/shiftkey/files/demo-14.html]
[dsathemes.com/html/shiftkey/files/images/hero-15-img.png]
[dsathemes.com/html/shiftkey/files/images/icons/presentation.png]
[dsathemes.com/html/shiftkey/files/images/icons/wallet-1.png]
[dsathemes.com/html/shiftkey/files/demo-15.html]
[dsathemes.com/html/shiftkey/files/images/blog/post-4-img.jpg]
[dsathemes.com/html/shiftkey/files/images/blog/post-5-img.jpg]
[dsathemes.com/html/shiftkey/files/images/blog/post-6-img.jpg]
[dsathemes.com/html/shiftkey/files/images/blog/popular-post-1.jpg]
[dsathemes.com/html/shiftkey/files/images/blog/popular-post-2.jpg]
[dsathemes.com/html/shiftkey/files/images/blog/popular-post-3.jpg]
[dsathemes.com/html/shiftkey/files/images/blog/image-widget.jpg]
[dsathemes.com/html/shiftkey/files/blog-listing.html]
[dsathemes.com/html/shiftkey/files/images/image-16.png]
[dsathemes.com/html/shiftkey/files/images/post-author-4.jpg]
[dsathemes.com/html/shiftkey/files/single-post.html]
[dsathemes.com/html/shiftkey/files/images/icons/strategy.png]
[dsathemes.com/html/shiftkey/files/images/team-1.jpg]
[dsathemes.com/html/shiftkey/files/images/team-2.jpg]
[dsathemes.com/html/shiftkey/files/images/team-3.jpg]
[dsathemes.com/html/shiftkey/files/images/team-4.jpg]
[dsathemes.com/html/shiftkey/files/about.html]
[dsathemes.com/html/shiftkey/files/pricing.html]
[dsathemes.com/html/shiftkey/files/contacts.html]
[dsathemes.com/html/shiftkey/files/clients.html]
[dsathemes.com/html/shiftkey/files/images/faqs-3-img.png]
[dsathemes.com/html/shiftkey/files/faqs.html]
[dsathemes.com/html/shiftkey/files/term.html]
[dsathemes.com/html/shiftkey/files/images/error-404.png]
[dsathemes.com/html/shiftkey/files/images/footer-logo-white.png]
[dsathemes.com/html/shiftkey/files/404.html]
[dsathemes.com/html/shiftkey/files/fonts/Flaticon.svg]
[dsathemes.com/html/shiftkey/files/css/owl.video.play.html]
[dsathemes.com/html/shiftkey/files/images/blue-socials.html]
[dsathemes.com/html/shiftkey/files/faqs-2.html]
[dsathemes.com/html/shiftkey/files/images/icons/idea-2.png]
[dsathemes.com/html/shiftkey/files/images/icons/experiment.png]
